Watching for changes in D:/boke/archetypes, D:/boke/content/posts, D:/boke/layouts/{_markup,_partials}, D:/boke/static/{css,images,lib}, D:/boke/themes/DoIt/archetypes, D:/boke/themes/DoIt/assets/{css,data,images,js,lib,...}, D:/boke/themes/DoIt/i18n, D:/boke/themes/DoIt/layouts/{_markup,_partials,_shortcodes,posts}, D:/boke/themes/DoIt/static/lib
Watching for config changes in D:\boke\config.toml
Start building sites … 
hugo v0.165.0-76a5e1880ab46688155b02e99bab9be2a6134492+extended windows/amd64 BuildDate=2026-08-12T14:26:28Z VendorInfo=gohugoio

WARN  Current environment is "development". The "comment system", "PWA", "CDN" and "fingerprint" will be disabled.
当前运行环境是 "development". "评论系统", "PWA", "CDN" 和 "fingerprint" 不会启用.

                  │ ZH - CN 
──────────────────┼─────────
 Pages            │      32 
 Paginator pages  │       0 
 Non-page files   │       0 
 Static files     │      82 
 Processed images │       0 
 Aliases          │       7 
 Cleaned          │       0 

Built in 2492 ms
Environment: "development"
Serving pages from disk
Running in Fast Render Mode. For full rebuilds on change: hugo server --disableFastRender
Web Server is available at http://127.0.0.1:13980/ (bind address 127.0.0.1) 
Press Ctrl+C to stop

Change of Static files detected, rebuilding site (#1).
2026-09-08 08:44:12.289 +0800
Syncing \images\u\diagrams\diagram-20260908-084412.png to \

Change of Static files detected, rebuilding site (#2).
2026-09-08 08:44:12.789 +0800
Syncing \images\u\diagrams to \
Syncing \images\u\diagrams\diagram-20260908-084412.png to \

Change of Static files detected, rebuilding site (#3).
2026-09-08 08:44:43.289 +0800
Syncing \images\u\diagrams\diagram-20260908-084443.png to \
Syncing \images\u\diagrams to \
